// Vitest Snapshot v1, https://vitest.dev/guide/snapshot.html

exports[`should generate correct command > for npm 1`] = `"npm install"`;

exports[`should generate correct command > for npm 2`] = `"npm run dev"`;

exports[`should generate correct command > for npm 3`] = `"npm run build"`;

exports[`should generate correct command > for pnpm 1`] = `"pnpm install"`;

exports[`should generate correct command > for pnpm 2`] = `"pnpm dev"`;

exports[`should generate correct command > for pnpm 3`] = `"pnpm build"`;

exports[`should generate correct command > for yarn 1`] = `"yarn"`;

exports[`should generate correct command > for yarn 2`] = `"yarn dev"`;

exports[`should generate correct command > for yarn 3`] = `"yarn build"`;
